// Vitest Snapshot v1, https://vitest.dev/guide/snapshot.html

exports[`PageLayout > renders layout 1`] = `"<div class="mt-10 mx-4">page</div>"`;
