// Vitest Snapshot v1, https://vitest.dev/guide/snapshot.html

exports[`RankningContainer > should render ranking page 1`] = `"<div class="grid grid-rows-2 gap-4"><div><h2 id="posts" class="text-3xl">記事数ランキング</h2><table class="table overflow-x-auto table-zebra"><thead><tr><th>順位</th><th>執筆者</th><th>記事数</th></tr></thead><tbody><tr><td>1</td><td><a href="https://qiita.com/user-0" target="_blank" rel="noopener noreferrer" class="link">user-0<span>(user-0)</span></a></td><td>5</td></tr><tr><td>2</td><td><a href="https://qiita.com/user-9" target="_blank" rel="noopener noreferrer" class="link">user-9<span>(user-9)</span></a></td><td>1</td></tr><tr><td>3</td><td><a href="https://qiita.com/user-7" target="_blank" rel="noopener noreferrer" class="link">user-7<span>(user-7)</span></a></td><td>1</td></tr><tr><td>4</td><td><a href="https://qiita.com/user-5" target="_blank" rel="noopener noreferrer" class="link">user-5<span>(user-5)</span></a></td><td>1</td></tr><tr><td>5</td><td><a href="https://qiita.com/user-3" target="_blank" rel="noopener noreferrer" class="link">user-3<span>(user-3)</span></a></td><td>1</td></tr><tr><td>6</td><td><a href="https://qiita.com/user-1" target="_blank" rel="noopener noreferrer" class="link">user-1<span>(user-1)</span></a></td><td>1</td></tr></tbody></table></div><div><h2 id="likes" class="text-3xl">いいね数ランキング</h2><table class="table overflow-x-auto table-zebra"><thead><tr><th>順位</th><th>執筆者</th><th>いいね数</th></tr></thead><tbody><tr><td>1</td><td><a href="https://qiita.com/user-9" rel="noopener noreferrer" class="link">user-9<span>(user-9)</span></a></td><td>0</td></tr><tr><td>2</td><td><a href="https://qiita.com/user-7" rel="noopener noreferrer" class="link">user-7<span>(user-7)</span></a></td><td>0</td></tr><tr><td>3</td><td><a href="https://qiita.com/user-5" rel="noopener noreferrer" class="link">user-5<span>(user-5)</span></a></td><td>0</td></tr><tr><td>4</td><td><a href="https://qiita.com/user-3" rel="noopener noreferrer" class="link">user-3<span>(user-3)</span></a></td><td>0</td></tr><tr><td>5</td><td><a href="https://qiita.com/user-1" rel="noopener noreferrer" class="link">user-1<span>(user-1)</span></a></td><td>0</td></tr><tr><td>6</td><td><a href="https://qiita.com/user-0" rel="noopener noreferrer" class="link">user-0<span>(user-0)</span></a></td><td>0</td></tr></tbody></table></div></div>"`;
