// Vitest Snapshot v1, https://vitest.dev/guide/snapshot.html

exports[`RankingPage > should render ranking page 1`] = `"<div class="navbar bg-base-100"><div class="navbar-start"><div class="dropdown"><div tabindex="0" role="button" aria-label="navbar-button" class="btn btn-ghost btn-circle"><svg xmlns="http://www.w3.org/2000/svg" class="h-5 w-5" fill="none" viewBox="0 0 24 24" stroke="currentColor"><path stroke-linecap="round" stroke-linejoin="round" stroke-width="2" d="M4 6h16M4 12h16M4 18h7"></path></svg></div><ul tabindex="0" class="menu menu-sm dropdown-content mt-3 z-1 p-2 shadow-sm bg-base-100 rounded-box w-52"><li><a href="/articles">記事一覧</a></li><li><a href="/ranking">いいね・投稿数ランキング</a></li></ul></div></div><div class="navbar-center"><a class="btn btn-ghost text-xl" href="https://qiita.com/organizations/primebrains" target="_blank" rel="noopener noreferrer">PB Qiita</a></div><div class="navbar-end"><ul class="menu menu-horizontal px-1"><li><details><summary>Menu</summary><ul class="p-2 bg-base-200 rounded-t-none w-56"><li><a href="#posts">投稿数</a></li><li><a href="#likes">いいね数</a></li></ul></details></li></ul></div></div><h1 class="text-4xl m-4">記事数・いいね数ランキング</h1><div class="mt-10 mx-4"><div class="my-4"><form action="/ranking" method="get"><label><span class="mr-2">since:</span><input type="date" name="since"/></label><label class="ml-2"><span class="mr-2">until:</span><input type="date" name="until"/></label><div class="pt-4"><button class="btn btn-primary btn-sm" type="submit">検索する</button></div></form></div><div class="grid grid-rows-2 gap-4"><div><h2 id="posts" class="text-3xl">記事数ランキング</h2><table class="table overflow-x-auto table-zebra"><thead><tr><th>順位</th><th>執筆者</th><th>記事数</th></tr></thead><tbody><tr><td>1</td><td><a class="link" href="https://qiita.com/user-0" target="_blank" rel="noopener noreferrer">user-0<span>(user-0)</span></a></td><td>5</td></tr><tr><td>2</td><td><a class="link" href="https://qiita.com/user-9" target="_blank" rel="noopener noreferrer">user-9<span>(user-9)</span></a></td><td>1</td></tr><tr><td>3</td><td><a class="link" href="https://qiita.com/user-7" target="_blank" rel="noopener noreferrer">user-7<span>(user-7)</span></a></td><td>1</td></tr><tr><td>4</td><td><a class="link" href="https://qiita.com/user-5" target="_blank" rel="noopener noreferrer">user-5<span>(user-5)</span></a></td><td>1</td></tr><tr><td>5</td><td><a class="link" href="https://qiita.com/user-3" target="_blank" rel="noopener noreferrer">user-3<span>(user-3)</span></a></td><td>1</td></tr><tr><td>6</td><td><a class="link" href="https://qiita.com/user-1" target="_blank" rel="noopener noreferrer">user-1<span>(user-1)</span></a></td><td>1</td></tr></tbody></table></div><div><h2 id="likes" class="text-3xl">いいね数ランキング</h2><table class="table overflow-x-auto table-zebra"><thead><tr><th>順位</th><th>執筆者</th><th>いいね数</th></tr></thead><tbody><tr><td>1</td><td><a class="link" href="https://qiita.com/user-9" rel="noopener noreferrer">user-9<span>(user-9)</span></a></td><td>0</td></tr><tr><td>2</td><td><a class="link" href="https://qiita.com/user-7" rel="noopener noreferrer">user-7<span>(user-7)</span></a></td><td>0</td></tr><tr><td>3</td><td><a class="link" href="https://qiita.com/user-5" rel="noopener noreferrer">user-5<span>(user-5)</span></a></td><td>0</td></tr><tr><td>4</td><td><a class="link" href="https://qiita.com/user-3" rel="noopener noreferrer">user-3<span>(user-3)</span></a></td><td>0</td></tr><tr><td>5</td><td><a class="link" href="https://qiita.com/user-1" rel="noopener noreferrer">user-1<span>(user-1)</span></a></td><td>0</td></tr><tr><td>6</td><td><a class="link" href="https://qiita.com/user-0" rel="noopener noreferrer">user-0<span>(user-0)</span></a></td><td>0</td></tr></tbody></table></div></div></div><a href="#" aria-label="go to the top" class="btn btn-circle btn-accent fixed bottom-2 right-2 z-10"><svg xmlns="http://www.w3.org/2000/svg" width="24" height="24"><path d="m3.293 11.293 1.414 1.414L11 6.414V20h2V6.414l6.293 6.293 1.414-1.414L12 2.586l-8.707 8.707z"></path></svg></a>"`;
