// Vitest Snapshot v1, https://vitest.dev/guide/snapshot.html

exports[`ArticlesPage > should render article page 1`] = `
"<div class="navbar bg-base-100"><div class="navbar-start"><div class="dropdown"><div tabindex="0" role="button" aria-label="navbar-button" class="btn btn-ghost btn-circle"><svg xmlns="http://www.w3.org/2000/svg" class="h-5 w-5" fill="none" viewBox="0 0 24 24" stroke="currentColor"><path stroke-linecap="round" stroke-linejoin="round" stroke-width="2" d="M4 6h16M4 12h16M4 18h7"></path></svg></div><ul tabindex="0" class="menu menu-sm dropdown-content mt-3 z-[1] p-2 shadow bg-base-100 rounded-box w-52"><li><a href="/articles">記事一覧</a></li><li><a href="/ranking">いいね・投稿数ランキング</a></li></ul></div></div><div class="navbar-center"><a class="btn btn-ghost text-xl" href="https://qiita.com/organizations/primebrains" target="_blank" rel="noopener noreferrer">PB Qiita</a></div><div class="navbar-end"><ul class="menu menu-horizontal px-1"></ul></div></div><h1 class="text-4xl m-4">記事一覧</h1><div class="mt-10 mx-4"><table class="table overflow-x-auto"><thead><tr><th>タイトル</th><th>執筆者</th><th>タグ</th><th>いいね数</th><th>ストック数</th><th>投稿日</th></tr></thead><tbody><tr class="hover"><td><a class="link" href="https://qiita.com/user-9/items/9" target="_blank" rel="noopener noreferrer">title-9</a></td><td><a class="link" href="https://qiita.com/user-9" target="_blank" rel="noopener noreferrer">user-9<span>(user-9)</span></a></td><td><ul><li class="badge badge-lg"><a href="https://qiita.com/tags/tag-9" target="_blank" rel="noopener noreferrer">tag-9</a></li></ul></td><td>0</td><td>0</td><td>1970-01-01</td></tr><tr class="hover"><td><a class="link" href="https://qiita.com/user-0/items/8" target="_blank" rel="noopener noreferrer">title-8</a></td><td><a class="link" href="https://qiita.com/user-0" target="_blank" rel="noopener noreferrer">user-0<span>(user-0)</span></a></td><td><ul><li class="badge badge-lg"><a href="https://qiita.com/tags/tag-8" target="_blank" rel="noopener noreferrer">tag-8</a></li></ul></td><td>0</td><td>0</td><td>1970-01-01</td></tr><tr class="hover"><td><a class="link" href="https://qiita.com/user-7/items/7" target="_blank" rel="noopener noreferrer">title-7</a></td><td><a class="link" href="https://qiita.com/user-7" target="_blank" rel="noopener noreferrer">user-7<span>(user-7)</span></a></td><td><ul><li class="badge badge-lg"><a href="https://qiita.com/tags/tag-7" target="_blank" rel="noopener noreferrer">tag-7</a></li></ul></td><td>0</td><td>0</td><td>1970-01-01</td></tr><tr class="hover"><td><a class="link" href="https://qiita.com/user-0/items/6" target="_blank" rel="noopener noreferrer">title-6</a></td><td><a class="link" href="https://qiita.com/user-0" target="_blank" rel="noopener noreferrer">user-0<span>(user-0)</span></a></td><td><ul><li class="badge badge-lg"><a href="https://qiita.com/tags/tag-6" target="_blank" rel="noopener noreferrer">tag-6</a></li></ul></td><td>0</td><td>0</td><td>1970-01-01</td></tr><tr class="hover"><td><a class="link" href="https://qiita.com/user-5/items/5" target="_blank" rel="noopener noreferrer">title-5</a></td><td><a class="link" href="https://qiita.com/user-5" target="_blank" rel="noopener noreferrer">user-5<span>(user-5)</span></a></td><td><ul><li class="badge badge-lg"><a href="https://qiita.com/tags/tag-5" target="_blank" rel="noopener noreferrer">tag-5</a></li></ul></td><td>0</td><td>0</td><td>1970-01-01</td></tr><tr class="hover"><td><a class="link" href="https://qiita.com/user-0/items/4" target="_blank" rel="noopener noreferrer">title-4</a></td><td><a class="link" href="https://qiita.com/user-0" target="_blank" rel="noopener noreferrer">user-0<span>(user-0)</span></a></td><td><ul><li class="badge badge-lg"><a href="https://qiita.com/tags/tag-4" target="_blank" rel="noopener noreferrer">tag-4</a></li></ul></td><td>0</td><td>0</td><td>1970-01-01</td></tr><tr class="hover"><td><a class="link" href="https://qiita.com/user-3/items/3" target="_blank" rel="noopener noreferrer">title-3</a></td><td><a class="link" href="https://qiita.com/user-3" target="_blank" rel="noopener noreferrer">user-3<span>(user-3)</span></a></td><td><ul><li class="badge badge-lg"><a href="https://qiita.com/tags/tag-3" target="_blank" rel="noopener noreferrer">tag-3</a></li></ul></td><td>0</td><td>0</td><td>1970-01-01</td></tr><tr class="hover"><td><a class="link" href="https://qiita.com/user-0/items/2" target="_blank" rel="noopener noreferrer">title-2</a></td><td><a class="link" href="https://qiita.com/user-0" target="_blank" rel="noopener noreferrer">user-0<span>(user-0)</span></a></td><td><ul><li class="badge badge-lg"><a href="https://qiita.com/tags/tag-2" target="_blank" rel="noopener noreferrer">tag-2</a></li></ul></td><td>0</td><td>0</td><td>1970-01-01</td></tr><tr class="hover"><td><a class="link" href="https://qiita.com/user-1/items/1" target="_blank" rel="noopener noreferrer">title-1</a></td><td><a class="link" href="https://qiita.com/user-1" target="_blank" rel="noopener noreferrer">user-1<span>(user-1)</span></a></td><td><ul><li class="badge badge-lg"><a href="https://qiita.com/tags/tag-1" target="_blank" rel="noopener noreferrer">tag-1</a></li></ul></td><td>0</td><td>0</td><td>1970-01-01</td></tr><tr class="hover"><td><a class="link" href="https://qiita.com/user-0/items/0" target="_blank" rel="noopener noreferrer">title-0</a></td><td><a class="link" href="https://qiita.com/user-0" target="_blank" rel="noopener noreferrer">user-0<span>(user-0)</span></a></td><td><ul><li class="badge badge-lg"><a href="https://qiita.com/tags/tag-0" target="_blank" rel="noopener noreferrer">tag-0</a></li></ul></td><td>0</td><td>0</td><td>1970-01-01</td></tr></tbody></table><div class="my-4 flex"><div><div class="join"><form action="/articles" method="get"><input type="hidden" name="limit" value="10"/><button type="submit" name="offset" value="-10" disabled="" class="join-item btn">Prev</button><span class="join-item btn">1</span><button class="join-item btn" type="submit" name="offset" value="10">Next</button></form></div></div><div class="ml-2"><select class="select select-bordered" aria-label="page-limit" id="page-limit" name="page-limit"><option selected="">10</option><option>20</option><option>30</option></select>
    <script>
      const page = 1;
      const handleSelect = (e) => {
        const limit = e.target.value;
        const offset = (page - 1) * limit;
        const url = new URL(location.href);
        url.searchParams.set("limit", limit);
        url.searchParams.set("offset", offset);
        location.href = url.href;
      };
      const select = document.querySelector("select#page-limit");
      select.addEventListener("change", handleSelect);
    </script>
  </div></div></div>"
`;
