// Vitest Snapshot v1, https://vitest.dev/guide/snapshot.html

exports[`Spinner > renders spinner 1`] = `"<span class="loading loading-spinner loading-lg"></span>"`;
