// Vitest Snapshot v1, https://vitest.dev/guide/snapshot.html

exports[`ArticlesContainer > should render article table 1`] = `"<table class="table overflow-x-auto"><thead><tr><th>タイトル</th><th>執筆者</th><th>タグ</th><th>いいね数</th><th>ストック数</th></tr></thead><tbody><tr class="hover"><td><a class="link" href="https://qiita.com/user-9/items/9" target="_blank" rel="noopener noreferrer">title-9</a></td><td><a class="link" href="https://qiita.com/user-9" target="_blank" rel="noopener noreferrer">user-9<span>(user-9)</span></a></td><td><ul><li class="badge badge-lg"><a href="https://qiita.com/tags/tag-9" target="_blank" rel="noopener noreferrer">tag-9</a></li></ul></td><td>0</td><td>0</td></tr><tr class="hover"><td><a class="link" href="https://qiita.com/user-0/items/8" target="_blank" rel="noopener noreferrer">title-8</a></td><td><a class="link" href="https://qiita.com/user-0" target="_blank" rel="noopener noreferrer">user-0<span>(user-0)</span></a></td><td><ul><li class="badge badge-lg"><a href="https://qiita.com/tags/tag-8" target="_blank" rel="noopener noreferrer">tag-8</a></li></ul></td><td>0</td><td>0</td></tr><tr class="hover"><td><a class="link" href="https://qiita.com/user-7/items/7" target="_blank" rel="noopener noreferrer">title-7</a></td><td><a class="link" href="https://qiita.com/user-7" target="_blank" rel="noopener noreferrer">user-7<span>(user-7)</span></a></td><td><ul><li class="badge badge-lg"><a href="https://qiita.com/tags/tag-7" target="_blank" rel="noopener noreferrer">tag-7</a></li></ul></td><td>0</td><td>0</td></tr><tr class="hover"><td><a class="link" href="https://qiita.com/user-0/items/6" target="_blank" rel="noopener noreferrer">title-6</a></td><td><a class="link" href="https://qiita.com/user-0" target="_blank" rel="noopener noreferrer">user-0<span>(user-0)</span></a></td><td><ul><li class="badge badge-lg"><a href="https://qiita.com/tags/tag-6" target="_blank" rel="noopener noreferrer">tag-6</a></li></ul></td><td>0</td><td>0</td></tr><tr class="hover"><td><a class="link" href="https://qiita.com/user-5/items/5" target="_blank" rel="noopener noreferrer">title-5</a></td><td><a class="link" href="https://qiita.com/user-5" target="_blank" rel="noopener noreferrer">user-5<span>(user-5)</span></a></td><td><ul><li class="badge badge-lg"><a href="https://qiita.com/tags/tag-5" target="_blank" rel="noopener noreferrer">tag-5</a></li></ul></td><td>0</td><td>0</td></tr><tr class="hover"><td><a class="link" href="https://qiita.com/user-0/items/4" target="_blank" rel="noopener noreferrer">title-4</a></td><td><a class="link" href="https://qiita.com/user-0" target="_blank" rel="noopener noreferrer">user-0<span>(user-0)</span></a></td><td><ul><li class="badge badge-lg"><a href="https://qiita.com/tags/tag-4" target="_blank" rel="noopener noreferrer">tag-4</a></li></ul></td><td>0</td><td>0</td></tr><tr class="hover"><td><a class="link" href="https://qiita.com/user-3/items/3" target="_blank" rel="noopener noreferrer">title-3</a></td><td><a class="link" href="https://qiita.com/user-3" target="_blank" rel="noopener noreferrer">user-3<span>(user-3)</span></a></td><td><ul><li class="badge badge-lg"><a href="https://qiita.com/tags/tag-3" target="_blank" rel="noopener noreferrer">tag-3</a></li></ul></td><td>0</td><td>0</td></tr><tr class="hover"><td><a class="link" href="https://qiita.com/user-0/items/2" target="_blank" rel="noopener noreferrer">title-2</a></td><td><a class="link" href="https://qiita.com/user-0" target="_blank" rel="noopener noreferrer">user-0<span>(user-0)</span></a></td><td><ul><li class="badge badge-lg"><a href="https://qiita.com/tags/tag-2" target="_blank" rel="noopener noreferrer">tag-2</a></li></ul></td><td>0</td><td>0</td></tr><tr class="hover"><td><a class="link" href="https://qiita.com/user-1/items/1" target="_blank" rel="noopener noreferrer">title-1</a></td><td><a class="link" href="https://qiita.com/user-1" target="_blank" rel="noopener noreferrer">user-1<span>(user-1)</span></a></td><td><ul><li class="badge badge-lg"><a href="https://qiita.com/tags/tag-1" target="_blank" rel="noopener noreferrer">tag-1</a></li></ul></td><td>0</td><td>0</td></tr><tr class="hover"><td><a class="link" href="https://qiita.com/user-0/items/0" target="_blank" rel="noopener noreferrer">title-0</a></td><td><a class="link" href="https://qiita.com/user-0" target="_blank" rel="noopener noreferrer">user-0<span>(user-0)</span></a></td><td><ul><li class="badge badge-lg"><a href="https://qiita.com/tags/tag-0" target="_blank" rel="noopener noreferrer">tag-0</a></li></ul></td><td>0</td><td>0</td></tr></tbody></table>"`;
